// Jest Snapshot v1, https://goo.gl/fbAQLP

exports[`Storyshots Atom/Button Default 1`] = `
<button
  className="a-header__button"
  onClick={[Function]}
  type="button"
>
  Iniciar sesión
</button>
`;

exports[`Storyshots Atom/SearchBar Default 1`] = `
<form
  className="a-header__SearchBar"
  onSubmit={[Function]}
>
  <input
    placeholder="Buscar aquí producto"
    type="text"
  />
  <button
    type="submit"
  >
    <img
      alt="SearchIcon"
      src={[Function]}
    />
  </button>
</form>
`;
